2025-11-12 12:48:11 [INFO] __main__ - 🔌 Bağlanıyor...
2025-11-12 12:48:11 [ERROR] __main__ - ❌ Beklenmeyen hata: PostgreSQL bağlantı hatası: 
2025-11-12 12:49:36 [INFO] __main__ - ⚙️  Konfigürasyon yükleniyor...
2025-11-12 12:49:36 [INFO] __main__ - 🔌 PostgreSQL'e bağlanıyor...
2025-11-12 12:49:36 [ERROR] __main__ - ❌ Veritabanı hatası: PostgreSQL bağlantı hatası: 
2025-11-12 13:18:25 [INFO] __main__ - ⚙️  Konfigürasyon yükleniyor...
2025-11-12 13:18:25 [INFO] __main__ - 🔌 PostgreSQL'e bağlanıyor...
2025-11-12 13:18:25 [ERROR] __main__ - ❌ Veritabanı hatası: PostgreSQL bağlantı hatası: 
2025-11-12 13:21:48 [INFO] __main__ - ⚙️  Konfigürasyon yükleniyor...
2025-11-12 13:21:48 [INFO] __main__ - 🔌 PostgreSQL'e bağlanıyor...
2025-11-12 13:21:48 [ERROR] __main__ - ❌ Veritabanı hatası: PostgreSQL bağlantı hatası: 
2025-11-12 13:23:51 [INFO] __main__ - ⚙️  Konfigürasyon yükleniyor...
2025-11-12 13:23:51 [INFO] __main__ - 🔌 PostgreSQL'e bağlanıyor...
2025-11-12 13:23:51 [ERROR] __main__ - ❌ Veritabanı hatası: PostgreSQL bağlantı hatası: 
2025-11-12 13:25:39 [INFO] __main__ - ⚙️  Konfigürasyon yükleniyor...
2025-11-12 13:25:39 [INFO] __main__ - 🔌 PostgreSQL'e bağlanıyor...
2025-11-12 13:25:39 [ERROR] __main__ - ❌ Veritabanı hatası: PostgreSQL bağlantı hatası: 
2025-11-12 13:32:52 [INFO] __main__ - ⚙️  Konfigürasyon yükleniyor...
2025-11-12 13:32:52 [INFO] __main__ - 🔌 PostgreSQL'e bağlanıyor...
2025-11-12 13:32:52 [INFO] __main__ - 📦 Tablolar oluşturuluyor...
2025-11-12 13:32:52 [INFO] __main__ - ✅ Tablolar oluşturuldu
2025-11-12 13:32:52 [INFO] __main__ - 🔍 İndeksler oluşturuluyor...
2025-11-12 13:32:52 [INFO] __main__ - ✅ İndeksler oluşturuldu
2025-11-12 13:32:52 [INFO] __main__ - ⚡ Trigger'lar oluşturuluyor...
2025-11-12 13:32:52 [INFO] __main__ - ✅ Trigger'lar oluşturuldu
2025-11-12 13:32:52 [INFO] __main__ - 📊 Default veriler ekleniyor...
2025-11-12 13:32:52 [INFO] __main__ - ✅ Default veriler eklendi
2025-11-12 13:32:52 [INFO] __main__ - 🔍 Doğrulama yapılıyor...
2025-11-12 13:32:52 [ERROR] __main__ - ❌ Beklenmeyen hata: PostgresManager.execute() got an unexpected keyword argument 'fetch_all'
2025-11-12 13:34:45 [INFO] __main__ - ⚙️  Konfigürasyon yükleniyor...
2025-11-12 13:34:45 [INFO] __main__ - 🔌 PostgreSQL'e bağlanıyor...
2025-11-12 13:34:45 [INFO] __main__ - 📦 Tablolar oluşturuluyor...
2025-11-12 13:34:45 [ERROR] __main__ - ❌ Beklenmeyen hata: PostgresManager.execute() got an unexpected keyword argument 'fetch_all'
2025-11-12 13:35:28 [INFO] __main__ - ⚙️  Konfigürasyon yükleniyor...
2025-11-12 13:35:28 [INFO] __main__ - 🔌 PostgreSQL'e bağlanıyor...
2025-11-12 13:35:28 [INFO] __main__ - 📦 Tablolar oluşturuluyor...
2025-11-12 13:35:28 [ERROR] __main__ - ❌ Beklenmeyen hata: PostgresManager.execute() got an unexpected keyword argument 'fetch_all'
2025-11-12 13:37:31 [INFO] __main__ - ⚙️  Konfigürasyon yükleniyor...
2025-11-12 13:37:31 [INFO] __main__ - 🔌 PostgreSQL'e bağlanıyor...
2025-11-12 13:37:31 [INFO] __main__ - 📦 Tablolar oluşturuluyor...
2025-11-12 13:37:31 [INFO] __main__ - ✅ Tablolar oluşturuldu
2025-11-12 13:37:31 [INFO] __main__ - 🔍 İndeksler oluşturuluyor...
2025-11-12 13:37:31 [INFO] __main__ - ✅ İndeksler oluşturuldu
2025-11-12 13:37:31 [INFO] __main__ - ⚡ Trigger'lar oluşturuluyor...
2025-11-12 13:37:31 [INFO] __main__ - ✅ Trigger'lar oluşturuldu
2025-11-12 13:37:31 [INFO] __main__ - 📊 Default veriler ekleniyor...
2025-11-12 13:37:31 [INFO] __main__ - ✅ Default veriler eklendi
2025-11-12 13:37:31 [INFO] __main__ - 🔍 Doğrulama yapılıyor...
2025-11-12 13:37:31 [INFO] __main__ - ✅ Oluşturulan tablolar: coin_scores, parameters, positions, rr_history, trades
2025-11-12 13:37:31 [ERROR] __main__ - ❌ Beklenmeyen hata: 'PostgresManager' object has no attribute 'disconnect'
2025-11-12 13:38:06 [INFO] __main__ - ⚙️  Konfigürasyon yükleniyor...
2025-11-12 13:38:06 [INFO] __main__ - 🔌 PostgreSQL'e bağlanıyor...
2025-11-12 13:38:06 [INFO] __main__ - 📦 Tablolar oluşturuluyor...
2025-11-12 13:38:06 [INFO] __main__ - ✅ Tablolar oluşturuldu
2025-11-12 13:38:06 [INFO] __main__ - 🔍 İndeksler oluşturuluyor...
2025-11-12 13:38:06 [INFO] __main__ - ✅ İndeksler oluşturuldu
2025-11-12 13:38:06 [INFO] __main__ - ⚡ Trigger'lar oluşturuluyor...
2025-11-12 13:38:06 [INFO] __main__ - ✅ Trigger'lar oluşturuldu
2025-11-12 13:38:06 [INFO] __main__ - 📊 Default veriler ekleniyor...
2025-11-12 13:38:06 [INFO] __main__ - ✅ Default veriler eklendi
2025-11-12 13:38:06 [INFO] __main__ - 🔍 Doğrulama yapılıyor...
2025-11-12 13:38:06 [INFO] __main__ - ✅ Oluşturulan tablolar: coin_scores, parameters, positions, rr_history, trades
2025-11-12 13:38:06 [INFO] __main__ - 🎉 Veritabanı kurulumu tamamlandı!
2025-11-12 13:38:55 [INFO] __main__ - 🔌 Bağlanıyor...
2025-11-12 13:38:55 [ERROR] __main__ - ❌ Beklenmeyen hata: PostgreSQL bağlantı hatası: 
